10:19:53 generating clip
10:19:54 starting rtsp test source (file)
10:19:55 starting core
10:19:56 core on port 60116
10:19:56 camera d1e3d85b-7482-4b0e-b1e2-5f9c39a487b0
10:19:56 waiting for frames
10:19:57 online session=8a124ca2-8748-4196-adfe-50a1392347db fps=11 latency={'p50': 1.18375, 'p95': 15.111667, 'p99': 15.111667} ring=fv-d2e4c3aa3ba48ab7
10:19:57 sampling shared-memory ring for 3 s
10:20:00 ring: {"frames": 76, "fps": 25.3, "size": [640, 360], "latency_ms_p50": 4.225166, "latency_ms_p95": 6.887958, "writer_pid": 68264, "slots": 3}
10:20:00 waiting for 2 finalized segments (segment_seconds=10)
10:20:18 segment ./build/lane-integrate-verify/data/recordings/d1e3d85b-7482-4b0e-b1e2-5f9c39a487b0/8a124ca2-8748-4196-adfe-50a1392347db_00000.mkv probe: h264,250 10.000000 
10:20:18 stopping source to test disconnect
10:20:18 state after source stop: reconnecting (detected in 0 s), stale=False age_ms=55
10:20:21 gaps recorded: 1
10:20:21 restarting source to test reconnect
10:20:26 reconnected in 2 s, new session=20ab2979-fa0e-4f9d-a536-83b4729e92d1 reconnects=3
10:20:28 gaps: 1 total, 1 closed
10:20:28 segment start times match their session mapping (3 finalized)
10:20:28 restarting the pipeline via PUT: the frame ring must be renamed for the new session
10:20:31 ring renamed fv-e813b5cd8b3f4aa0 -> fv-7c8dbe7ba194a29c, old ring gone, new ring: {"frames": 51, "fps": 25.5, "size": [640, 360], "latency_ms_p50": 4.854833, "latency_ms_p95": 6.912458, "writer_pid": 68264, "slots": 3}
10:20:31 playback of segment b21c6138-883f-4e12-a6ad-3553c977f2fd
10:20:35 playback state=playing position_ns=2000000000 ring: {"frames": 51, "fps": 25.5, "size": [640, 360], "latency_ms_p50": 4.148667, "latency_ms_p95": 6.029625, "writer_pid": 68264, "slots": 3}
10:20:35 metrics: {"cameras":[{"bitrate_kbps":815.9003319835924,"bytes_received":769167,"camera_id":"d1e3d85b-7482-4b0e-b1e2-5f9c39a487b0","drops":0,"fps_new":25,"frames":182,"jitterbuffer":{"avg_jitter_ms":0.555349,"num_late":0,"num_lost":0,"num_pushed":1151},"latency_ms":{"p50":0.989834,"p95":1.495834,"p99":1.96125},"open_segments":1,"queue_depth":0,"reconnects":3,"recording":"recording","ring_bytes":11063512,"ring_write_errors":0,"session_id":"3ef408ca-ca02-4781-8560-a49a85db55e6","stale":false,"state":"online"}],"playback_channels":0,"process":{"pipelines":1,"ring_bytes":11063512,"rss_bytes":96845824},"upti
10:20:35 shutting down core via API
10:20:35 restart core to check recovery and segment states
10:20:37 after restart: finalized=5 damaged=0 stale-recording=0 open-in-new-session=1
2026-09-13T10:20:35.903Z info recovery: sessions closed 0, gaps closed 0, segments finalized 0, damaged 0, missing 0, files adopted 0, quarantined 0
10:20:37 segment start times match their session mapping (5 finalized)
10:20:37 waiting for a segment that has been recording for 4 s, then killing the core with SIGKILL
10:20:41 after SIGKILL: 2026-09-13T10:20:40.164Z info recovery: sessions closed 1, gaps closed 0, segments finalized 1, damaged 0, missing 0, files adopted 0, quarantined 0
10:20:41 recovered segment 825517c3-c878-4bd3-8ccb-8d12bcab96d6: 4.0 s, 429586 bytes
10:20:41 segment start times match their session mapping (6 finalized)
10:20:43 PASS
