20:04:52 4 inputs, pattern ball 640x360 25 fps, segment 30 s, soak 10.0 min, work dir build/verify-m2-py
20:04:56 all online in 1.04 s: fps [22, 22, 22, 22]
20:05:26 t=30s rss=85.1MB cpu=12.8% ps={'rss_mb': 85.1, 'cpu_pct': 8.6} :: 25fps p95=0.94ms q=0 d=0 fin=0 recording | 25fps p95=1.51ms q=0 d=0 fin=0 recording | 25fps p95=0.99ms q=0 d=0 fin=0 recording | 25fps p95=1.12ms q=0 d=0 fin=0 recording
20:05:56 t=60s rss=70.7MB cpu=11.2% ps={'rss_mb': 70.7, 'cpu_pct': 8.4} :: 25fps p95=1.25ms q=0 d=0 fin=1 recording | 25fps p95=0.97ms q=0 d=0 fin=1 recording | 25fps p95=1.2ms q=0 d=0 fin=1 recording | 25fps p95=1.1ms q=0 d=0 fin=1 recording
20:06:26 t=90s rss=67.6MB cpu=11.4% ps={'rss_mb': 67.6, 'cpu_pct': 10.2} :: 25fps p95=1.32ms q=0 d=0 fin=2 recording | 25fps p95=1.19ms q=0 d=0 fin=2 recording | 25fps p95=1.35ms q=0 d=0 fin=2 recording | 25fps p95=1.21ms q=0 d=0 fin=2 recording
20:06:56 t=120s rss=67.5MB cpu=12.3% ps={'rss_mb': 67.5, 'cpu_pct': 10.0} :: 25fps p95=1.82ms q=0 d=0 fin=3 recording | 25fps p95=1.87ms q=0 d=0 fin=3 recording | 25fps p95=1.87ms q=0 d=0 fin=3 recording | 25fps p95=1.46ms q=0 d=0 fin=3 recording
20:07:26 t=150s rss=67.9MB cpu=12.9% ps={'rss_mb': 68.0, 'cpu_pct': 8.0} :: 25fps p95=1.01ms q=0 d=0 fin=4 recording | 25fps p95=1.12ms q=0 d=0 fin=4 recording | 25fps p95=1.04ms q=0 d=0 fin=4 recording | 25fps p95=1.3ms q=0 d=0 fin=4 recording
20:07:56 t=180s rss=67.5MB cpu=11.6% ps={'rss_mb': 67.5, 'cpu_pct': 11.2} :: 25fps p95=1.98ms q=0 d=0 fin=5 recording | 25fps p95=1.91ms q=0 d=0 fin=5 recording | 25fps p95=2.01ms q=0 d=0 fin=5 recording | 26fps p95=2.01ms q=0 d=0 fin=5 recording
20:08:26 t=210s rss=65.8MB cpu=12.6% ps={'rss_mb': 65.9, 'cpu_pct': 12.4} :: 25fps p95=2.04ms q=0 d=0 fin=6 recording | 25fps p95=2.26ms q=0 d=0 fin=6 recording | 25fps p95=2.13ms q=0 d=0 fin=6 recording | 25fps p95=1.94ms q=0 d=0 fin=6 recording
20:08:56 t=240s rss=67.5MB cpu=13.5% ps={'rss_mb': 67.5, 'cpu_pct': 9.2} :: 25fps p95=1.92ms q=0 d=0 fin=7 recording | 25fps p95=2.47ms q=0 d=0 fin=7 recording | 25fps p95=1.86ms q=0 d=0 fin=7 recording | 25fps p95=1.92ms q=0 d=0 fin=7 recording
20:09:26 t=270s rss=66.5MB cpu=11.9% ps={'rss_mb': 66.6, 'cpu_pct': 8.5} :: 25fps p95=1.4ms q=0 d=0 fin=8 recording | 25fps p95=1.51ms q=0 d=0 fin=8 recording | 25fps p95=1.15ms q=0 d=0 fin=8 recording | 25fps p95=1.37ms q=0 d=0 fin=8 recording
20:09:56 t=300s rss=68.2MB cpu=12.4% ps={'rss_mb': 68.2, 'cpu_pct': 12.9} :: 25fps p95=1.9ms q=0 d=0 fin=9 recording | 25fps p95=1.83ms q=0 d=0 fin=9 recording | 25fps p95=2.35ms q=0 d=0 fin=9 recording | 25fps p95=1.85ms q=0 d=0 fin=9 recording
20:10:26 t=330s rss=68.3MB cpu=13.4% ps={'rss_mb': 68.3, 'cpu_pct': 12.0} :: 25fps p95=1.96ms q=0 d=0 fin=10 recording | 25fps p95=1.98ms q=0 d=0 fin=10 recording | 25fps p95=2.29ms q=0 d=0 fin=10 recording | 25fps p95=1.99ms q=0 d=0 fin=10 recording
20:10:56 t=360s rss=68.4MB cpu=12.9% ps={'rss_mb': 68.4, 'cpu_pct': 8.2} :: 25fps p95=0.96ms q=0 d=0 fin=11 recording | 25fps p95=0.91ms q=0 d=0 fin=11 recording | 25fps p95=0.89ms q=0 d=0 fin=11 recording | 25fps p95=0.91ms q=0 d=0 fin=11 recording
20:11:26 t=390s rss=68.5MB cpu=13.4% ps={'rss_mb': 68.5, 'cpu_pct': 9.4} :: 25fps p95=1.88ms q=0 d=0 fin=12 recording | 25fps p95=2.55ms q=0 d=0 fin=12 recording | 25fps p95=2.59ms q=0 d=0 fin=12 recording | 25fps p95=1.87ms q=0 d=0 fin=12 recording
20:11:56 t=420s rss=68.5MB cpu=12.7% ps={'rss_mb': 68.8, 'cpu_pct': 12.7} :: 24fps p95=1.87ms q=0 d=0 fin=13 recording | 25fps p95=1.93ms q=0 d=0 fin=13 recording | 25fps p95=2.0ms q=0 d=0 fin=13 recording | 26fps p95=2.25ms q=0 d=0 fin=13 recording
20:12:26 t=450s rss=68.9MB cpu=14.6% ps={'rss_mb': 68.9, 'cpu_pct': 10.8} :: 25fps p95=2.21ms q=0 d=0 fin=14 recording | 25fps p95=2.04ms q=0 d=0 fin=14 recording | 25fps p95=2.09ms q=0 d=0 fin=14 recording | 25fps p95=1.95ms q=0 d=0 fin=14 recording
20:12:56 t=480s rss=69.0MB cpu=13.9% ps={'rss_mb': 69.0, 'cpu_pct': 9.6} :: 25fps p95=1.87ms q=0 d=0 fin=15 recording | 25fps p95=1.84ms q=0 d=0 fin=15 recording | 25fps p95=1.81ms q=0 d=0 fin=15 recording | 25fps p95=1.68ms q=0 d=0 fin=15 recording
20:13:26 t=510s rss=69.0MB cpu=14.6% ps={'rss_mb': 69.0, 'cpu_pct': 11.6} :: 25fps p95=1.96ms q=0 d=0 fin=16 recording | 25fps p95=1.91ms q=0 d=0 fin=16 recording | 25fps p95=1.8ms q=0 d=0 fin=16 recording | 25fps p95=1.84ms q=0 d=0 fin=16 recording
20:13:56 t=540s rss=69.1MB cpu=16.0% ps={'rss_mb': 69.1, 'cpu_pct': 11.3} :: 25fps p95=2.09ms q=0 d=0 fin=17 recording | 25fps p95=2.48ms q=0 d=0 fin=17 recording | 25fps p95=2.14ms q=0 d=0 fin=17 recording | 25fps p95=2.11ms q=0 d=0 fin=17 recording
20:14:26 t=570s rss=69.1MB cpu=14.6% ps={'rss_mb': 69.1, 'cpu_pct': 10.5} :: 25fps p95=1.9ms q=0 d=0 fin=18 recording | 25fps p95=1.93ms q=0 d=0 fin=18 recording | 25fps p95=1.87ms q=0 d=0 fin=18 recording | 25fps p95=1.75ms q=0 d=0 fin=18 recording
20:14:56 t=600s rss=67.5MB cpu=13.4% ps={'rss_mb': 67.6, 'cpu_pct': 10.8} :: 25fps p95=1.06ms q=0 d=0 fin=19 recording | 25fps p95=1.08ms q=0 d=0 fin=19 recording | 25fps p95=0.99ms q=0 d=0 fin=19 recording | 25fps p95=1.04ms q=0 d=0 fin=19 recording
20:14:56 soak summary: rss 84.1 -> 70.7 (1 min) -> 67.5 MB (-4.5%), cpu avg 13.1%
20:14:56   camera 0: {'fps_mean': 24.95, 'fps_min': 24, 'latency_p95_ms_median': 1.88, 'latency_p95_ms_max': 2.21, 'drops_end': 0, 'queue_depth_max': 0, 'finalized_start': 0, 'finalized_end': 19, 'segments_per_minute': 1.9}
20:14:56   camera 1: {'fps_mean': 25, 'fps_min': 25, 'latency_p95_ms_median': 1.89, 'latency_p95_ms_max': 2.55, 'drops_end': 0, 'queue_depth_max': 0, 'finalized_start': 0, 'finalized_end': 19, 'segments_per_minute': 1.9}
20:14:56   camera 2: {'fps_mean': 25, 'fps_min': 25, 'latency_p95_ms_median': 1.87, 'latency_p95_ms_max': 2.59, 'drops_end': 0, 'queue_depth_max': 0, 'finalized_start': 0, 'finalized_end': 19, 'segments_per_minute': 1.9}
20:14:56   camera 3: {'fps_mean': 25.1, 'fps_min': 25, 'latency_p95_ms_median': 1.79, 'latency_p95_ms_max': 2.25, 'drops_end': 0, 'queue_depth_max': 0, 'finalized_start': 0, 'finalized_end': 19, 'segments_per_minute': 1.9}
20:14:56 kill -9 core while recording
20:14:59 after kill -9: {'restart_to_all_online_s': 1.31, 'recovery_log': 'recovery: sessions closed 4, gaps closed 0, segments finalized 4, damaged 0, missing 0, files adopted 0, quarantined 0, purged 0, rings removed 4', 'killed_session_rings_left': 0, 'open_sessions_not_current': 0, 'recording_rows_not_current': 0}
20:15:28 console closed: {'console_exit_code': 0, 'console_run_s': 6.8, 'screenshot_bytes': 57656, 'core_still_running': True, 'cameras_finalized_after_console_exit': 4, 'all_online_recording': True}
20:15:28 disk floor: restart with FOVEA_MIN_FREE_MB=110876 (free 10876 MB)
20:15:49 disk floor: {'floor_mb': 110876, 'free_mb': 10876, 'states': [('online', 'paused_disk'), ('online', 'paused_disk'), ('online', 'paused_disk'), ('online', 'paused_disk')], 'fps': [24, 25, 26, 25], 'ring_probe': [{'frames': 50, 'fps': 25.0, 'latency_ms_p95': 6.87}, {'frames': 51, 'fps': 25.5, 'latency_ms_p95': 6.97}, {'frames': 51, 'fps': 25.5, 'latency_ms_p95': 7.38}, {'frames': 51, 'fps': 25.5, 'latency_ms_p95': 6.4}], 'segment_rows_created': 0, 'storage_floor_unreachable': True, 'storage_deleted_last_run': 0, 'disk_floor_deletions': 0, 'resume_s': 1.11, 'resumed_rows': [1, 1, 1, 1]}
20:15:49 retention: hold on the oldest segment of camera 0, simulated crash after a row commit on camera 1, restart with FOVEA_RETENTION_SECONDS=120
20:15:49 retention: {"retention_seconds": 120, "crash_left_file": true, "recovery_log": "recovery: sessions closed 0, gaps closed 0, segments finalized 0, damaged 0, missing 0, files adopted 0, quarantined 0, purged 1, rings removed 0", "crashed_file_removed": true, "crashed_row_purged": true, "deleted_last_run": 67, "deleted_mb_last_run": 106.9, "held_last_run": 1, "age_rows_deleted_in_run": 67, "files_left_for_age_deleted": 0, "finalized_older_than_cutoff": ["3421bc11-4cef-46a3-bf1c-7b416e07fc8e"], "held_state": "finalized", "held_file_exists": true, "audit_rows_match": true, "camera0_oldest_is_held": true, "put_retention_days": 3, "put_invalid_retention_status": 400, "max_bytes_deleted": 6, "max_bytes_left_before_run": 0, "max_bytes_deleted_last_run": 6}
20:15:49 PASS
