09:09:13 4 inputs, pattern ball 640x360 25 fps, segment 30 s, soak 3.0 min, work dir m2-work
09:09:17 all online in 1.29 s: fps [27, 27, 27, 27]
09:09:47 t=30s rss=88.5MB cpu=17.0% ps={'rss_mb': 88.5, 'cpu_pct': 16.2} :: 25fps p95=1.63ms q=0 d=0 fin=1 recording | 25fps p95=1.77ms q=0 d=0 fin=1 recording | 25fps p95=1.98ms q=0 d=0 fin=1 recording | 25fps p95=1.62ms q=0 d=0 fin=1 recording
09:10:17 t=60s rss=124.0MB cpu=24.8% ps={'rss_mb': 124.0, 'cpu_pct': 20.6} :: 25fps p95=1.72ms q=0 d=0 fin=2 recording | 25fps p95=2.14ms q=0 d=0 fin=2 recording | 25fps p95=2.16ms q=0 d=0 fin=2 recording | 25fps p95=1.7ms q=0 d=0 fin=2 recording
09:10:47 t=90s rss=124.4MB cpu=26.2% ps={'rss_mb': 124.4, 'cpu_pct': 23.2} :: 25fps p95=1.97ms q=0 d=0 fin=3 recording | 25fps p95=1.84ms q=0 d=0 fin=3 recording | 25fps p95=1.86ms q=0 d=0 fin=3 recording | 25fps p95=1.79ms q=0 d=0 fin=3 recording
09:11:17 t=120s rss=128.2MB cpu=27.4% ps={'rss_mb': 128.2, 'cpu_pct': 19.5} :: 25fps p95=1.81ms q=0 d=0 fin=4 recording | 25fps p95=1.97ms q=0 d=0 fin=4 recording | 25fps p95=2.17ms q=0 d=0 fin=4 recording | 25fps p95=1.77ms q=0 d=0 fin=4 recording
09:11:47 t=150s rss=142.1MB cpu=25.7% ps={'rss_mb': 142.1, 'cpu_pct': 24.3} :: 25fps p95=2.11ms q=0 d=0 fin=5 recording | 25fps p95=2.17ms q=0 d=0 fin=5 recording | 25fps p95=1.99ms q=0 d=0 fin=5 recording | 25fps p95=1.76ms q=0 d=0 fin=5 recording
09:12:17 t=180s rss=144.7MB cpu=25.2% ps={'rss_mb': 144.7, 'cpu_pct': 19.1} :: 25fps p95=1.91ms q=0 d=0 fin=6 recording | 25fps p95=1.94ms q=0 d=0 fin=6 recording | 25fps p95=1.91ms q=0 d=0 fin=6 recording | 25fps p95=1.71ms q=0 d=0 fin=6 recording
09:12:17 soak summary: rss 87.7 -> 124.0 (1 min) -> 144.7 MB (16.7%), cpu avg 24.4%
09:12:17   camera 0: {'fps_mean': 25, 'fps_min': 25, 'latency_p95_ms_median': 1.86, 'latency_p95_ms_max': 2.11, 'drops_end': 0, 'queue_depth_max': 0, 'finalized_start': 0, 'finalized_end': 6, 'segments_per_minute': 2.0}
09:12:17   camera 1: {'fps_mean': 25, 'fps_min': 25, 'latency_p95_ms_median': 1.96, 'latency_p95_ms_max': 2.17, 'drops_end': 0, 'queue_depth_max': 0, 'finalized_start': 0, 'finalized_end': 6, 'segments_per_minute': 2.0}
09:12:17   camera 2: {'fps_mean': 25, 'fps_min': 25, 'latency_p95_ms_median': 1.98, 'latency_p95_ms_max': 2.17, 'drops_end': 0, 'queue_depth_max': 0, 'finalized_start': 0, 'finalized_end': 6, 'segments_per_minute': 2.0}
09:12:17   camera 3: {'fps_mean': 25, 'fps_min': 25, 'latency_p95_ms_median': 1.73, 'latency_p95_ms_max': 1.79, 'drops_end': 0, 'queue_depth_max': 0, 'finalized_start': 0, 'finalized_end': 6, 'segments_per_minute': 2.0}
09:12:17 kill -9 core while recording
09:12:20 after kill -9: {'restart_to_all_online_s': 1.09, 'recovery_log': 'recovery: sessions closed 4, gaps closed 0, segments finalized 4, damaged 0, missing 0, files adopted 0, quarantined 0, purged 0, rings removed 4', 'killed_session_rings_left': 0, 'open_sessions_not_current': 0, 'recording_rows_not_current': 0}
09:12:49 console closed: {'console_exit_code': 0, 'console_run_s': 6.3, 'screenshot_bytes': 58339, 'core_still_running': True, 'cameras_finalized_after_console_exit': 4, 'all_online_recording': True}
09:12:50 disk floor: restart with FOVEA_MIN_FREE_MB=110508 (free 10508 MB)
09:13:12 disk floor: {'floor_mb': 110508, 'free_mb': 10508, 'states': [('online', 'paused_disk'), ('online', 'paused_disk'), ('online', 'paused_disk'), ('online', 'paused_disk')], 'fps': [25, 25, 25, 25], 'ring_probe': [{'frames': 50, 'fps': 25.0, 'latency_ms_p95': 4.9}, {'frames': 51, 'fps': 25.5, 'latency_ms_p95': 5.1}, {'frames': 51, 'fps': 25.5, 'latency_ms_p95': 4.91}, {'frames': 51, 'fps': 25.5, 'latency_ms_p95': 6.6}], 'segment_rows_created': 0, 'storage_floor_unreachable': True, 'storage_deleted_last_run': 0, 'disk_floor_deletions': 0, 'resume_s': 1.1, 'resumed_rows': [1, 1, 1, 1]}
09:13:15 retention: hold on the oldest segment of camera 0, simulated crash after a row commit on camera 1, restart with FOVEA_RETENTION_SECONDS=120
09:13:15 retention: {"retention_seconds": 120, "crash_left_file": true, "recovery_log": "recovery: sessions closed 0, gaps closed 0, segments finalized 0, damaged 0, missing 0, files adopted 0, quarantined 0, purged 1, rings removed 0", "crashed_file_removed": true, "crashed_row_purged": true, "deleted_last_run": 11, "deleted_mb_last_run": 17.7, "held_last_run": 1, "age_rows_deleted_in_run": 11, "files_left_for_age_deleted": 0, "finalized_older_than_cutoff": ["ffc79158-ffaf-4c1c-91ca-917b5cb02fbc"], "held_state": "finalized", "held_file_exists": true, "audit_rows_match": true, "camera0_oldest_is_held": true, "put_retention_days": 3, "put_invalid_retention_status": 400, "max_bytes_deleted": 7, "max_bytes_left_before_run": 0, "max_bytes_deleted_last_run": 7}
09:13:18 PASS
