21:32:34 4 inputs, pattern ball 640x360 25 fps, segment 30 s, soak 5.0 min, work dir integ-m2
21:32:38 all online in 1.3 s: fps [27, 27, 27, 27]
21:33:08 t=30s rss=67.8MB cpu=11.9% ps={'rss_mb': 67.4, 'cpu_pct': 13.2} :: 24fps p95=2.84ms q=0 d=0 fin=1 recording | 25fps p95=3.36ms q=0 d=0 fin=1 recording | 25fps p95=1.78ms q=0 d=0 fin=1 recording | 25fps p95=1.81ms q=0 d=0 fin=1 recording
21:33:38 t=60s rss=68.9MB cpu=11.9% ps={'rss_mb': 68.9, 'cpu_pct': 11.4} :: 25fps p95=1.1ms q=0 d=0 fin=2 recording | 25fps p95=1.27ms q=0 d=0 fin=2 recording | 25fps p95=1.1ms q=0 d=0 fin=2 recording | 25fps p95=1.23ms q=0 d=0 fin=2 recording
21:34:08 t=90s rss=69.1MB cpu=11.6% ps={'rss_mb': 69.1, 'cpu_pct': 11.3} :: 25fps p95=1.21ms q=0 d=0 fin=3 recording | 25fps p95=1.57ms q=0 d=0 fin=3 recording | 25fps p95=1.3ms q=0 d=0 fin=3 recording | 25fps p95=1.36ms q=0 d=0 fin=3 recording
21:34:38 t=120s rss=68.2MB cpu=11.6% ps={'rss_mb': 68.2, 'cpu_pct': 11.7} :: 24fps p95=1.37ms q=0 d=0 fin=4 recording | 25fps p95=1.21ms q=0 d=0 fin=4 recording | 25fps p95=1.46ms q=0 d=0 fin=4 recording | 24fps p95=1.17ms q=0 d=0 fin=4 recording
21:35:08 t=150s rss=68.6MB cpu=12.0% ps={'rss_mb': 68.6, 'cpu_pct': 12.7} :: 25fps p95=2.03ms q=0 d=0 fin=5 recording | 25fps p95=1.9ms q=0 d=0 fin=5 recording | 25fps p95=1.24ms q=0 d=0 fin=5 recording | 25fps p95=1.42ms q=0 d=0 fin=5 recording
21:35:38 t=180s rss=67.4MB cpu=11.9% ps={'rss_mb': 67.4, 'cpu_pct': 12.5} :: 25fps p95=1.67ms q=0 d=0 fin=6 recording | 25fps p95=2.42ms q=0 d=0 fin=6 recording | 25fps p95=1.52ms q=0 d=0 fin=6 recording | 25fps p95=1.87ms q=0 d=0 fin=6 recording
21:36:08 t=210s rss=69.5MB cpu=11.8% ps={'rss_mb': 69.6, 'cpu_pct': 11.1} :: 25fps p95=1.2ms q=0 d=0 fin=7 recording | 25fps p95=0.93ms q=0 d=0 fin=7 recording | 25fps p95=1.01ms q=0 d=0 fin=7 recording | 26fps p95=0.95ms q=0 d=0 fin=7 recording
21:36:38 t=240s rss=67.6MB cpu=12.1% ps={'rss_mb': 67.3, 'cpu_pct': 14.5} :: 25fps p95=2.17ms q=0 d=0 fin=8 recording | 25fps p95=2.88ms q=0 d=0 fin=8 recording | 25fps p95=2.79ms q=0 d=0 fin=8 recording | 25fps p95=2.38ms q=0 d=0 fin=8 recording
21:37:08 t=270s rss=68.2MB cpu=12.4% ps={'rss_mb': 68.2, 'cpu_pct': 13.5} :: 24fps p95=1.44ms q=0 d=0 fin=9 recording | 26fps p95=2.32ms q=0 d=0 fin=9 recording | 25fps p95=1.56ms q=0 d=0 fin=9 recording | 25fps p95=1.78ms q=0 d=0 fin=9 recording
21:37:38 t=300s rss=68.4MB cpu=12.4% ps={'rss_mb': 68.4, 'cpu_pct': 11.7} :: 25fps p95=1.07ms q=0 d=0 fin=10 recording | 25fps p95=1.36ms q=0 d=0 fin=10 recording | 25fps p95=1.14ms q=0 d=0 fin=10 recording | 25fps p95=1.05ms q=0 d=0 fin=10 recording
21:37:38 soak summary: rss 82.3 -> 68.9 (1 min) -> 68.4 MB (-0.7%), cpu avg 12.0%
21:37:38   camera 0: {'fps_mean': 24.7, 'fps_min': 24, 'latency_p95_ms_median': 1.41, 'latency_p95_ms_max': 2.84, 'drops_end': 0, 'queue_depth_max': 0, 'finalized_start': 0, 'finalized_end': 10, 'segments_per_minute': 2.0}
21:37:38   camera 1: {'fps_mean': 25.1, 'fps_min': 25, 'latency_p95_ms_median': 1.73, 'latency_p95_ms_max': 3.36, 'drops_end': 0, 'queue_depth_max': 0, 'finalized_start': 0, 'finalized_end': 10, 'segments_per_minute': 2.0}
21:37:38   camera 2: {'fps_mean': 25, 'fps_min': 25, 'latency_p95_ms_median': 1.38, 'latency_p95_ms_max': 2.79, 'drops_end': 0, 'queue_depth_max': 0, 'finalized_start': 0, 'finalized_end': 10, 'segments_per_minute': 2.0}
21:37:38   camera 3: {'fps_mean': 25, 'fps_min': 24, 'latency_p95_ms_median': 1.39, 'latency_p95_ms_max': 2.38, 'drops_end': 0, 'queue_depth_max': 0, 'finalized_start': 0, 'finalized_end': 10, 'segments_per_minute': 2.0}
21:37:38 kill -9 core while recording
21:37:41 after kill -9: {'restart_to_all_online_s': 1.18, 'recovery_log': 'recovery: sessions closed 4, gaps closed 0, segments finalized 4, damaged 0, missing 0, files adopted 0, quarantined 0, purged 0, rings removed 4', 'killed_session_rings_left': 0, 'open_sessions_not_current': 0, 'recording_rows_not_current': 0}
21:38:10 console closed: {'console_exit_code': 0, 'console_run_s': 6.1, 'screenshot_bytes': 58188, 'core_still_running': True, 'cameras_finalized_after_console_exit': 4, 'all_online_recording': True}
21:38:12 disk floor: restart with FOVEA_MIN_FREE_MB=113416 (free 13416 MB)
21:38:33 disk floor: {'floor_mb': 113416, 'free_mb': 13416, 'states': [('online', 'paused_disk'), ('online', 'paused_disk'), ('online', 'paused_disk'), ('online', 'paused_disk')], 'fps': [24, 24, 24, 26], 'ring_probe': [{'frames': 51, 'fps': 25.5, 'latency_ms_p95': 6.16}, {'frames': 51, 'fps': 25.5, 'latency_ms_p95': 5.82}, {'frames': 49, 'fps': 24.5, 'latency_ms_p95': 8.2}, {'frames': 51, 'fps': 25.5, 'latency_ms_p95': 7.01}], 'segment_rows_created': 0, 'storage_floor_unreachable': True, 'storage_deleted_last_run': 0, 'disk_floor_deletions': 0, 'resume_s': 1.12, 'resumed_rows': [1, 1, 1, 1]}
21:38:36 retention: hold on the oldest segment of camera 0, simulated crash after a row commit on camera 1, restart with FOVEA_RETENTION_SECONDS=120
21:38:37 retention: {"retention_seconds": 120, "crash_left_file": true, "recovery_log": "recovery: sessions closed 0, gaps closed 0, segments finalized 0, damaged 0, missing 0, files adopted 0, quarantined 0, purged 1, rings removed 0", "crashed_file_removed": true, "crashed_row_purged": true, "deleted_last_run": 27, "deleted_mb_last_run": 43.8, "held_last_run": 1, "age_rows_deleted_in_run": 27, "files_left_for_age_deleted": 0, "finalized_older_than_cutoff": ["f8f08175-8f66-4324-a4c3-29a3c42ac5c0"], "held_state": "finalized", "held_file_exists": true, "audit_rows_match": true, "camera0_oldest_is_held": true, "put_retention_days": 3, "put_invalid_retention_status": 400, "max_bytes_deleted": 7, "max_bytes_left_before_run": 0, "max_bytes_deleted_last_run": 7}
21:38:40 PASS
