23:13:35 4 inputs, pattern ball 640x360 25 fps, segment 30 s, soak 3.0 min, work dir build/lane-fix-verify-m2
23:13:38 all online in 1.04 s: fps [22, 22, 22, 22]
23:14:08 t=30s rss=67.6MB cpu=12.3% ps={'rss_mb': 67.7, 'cpu_pct': 9.3} :: 25fps p95=1.5ms q=0 d=0 fin=0 recording | 25fps p95=1.46ms q=0 d=0 fin=0 recording | 25fps p95=1.6ms q=0 d=0 fin=0 recording | 25fps p95=1.92ms q=0 d=0 fin=0 recording
23:14:38 t=60s rss=66.8MB cpu=12.2% ps={'rss_mb': 66.8, 'cpu_pct': 11.3} :: 25fps p95=1.84ms q=0 d=0 fin=1 recording | 25fps p95=1.91ms q=0 d=0 fin=1 recording | 25fps p95=1.89ms q=1 d=0 fin=1 recording | 25fps p95=2.27ms q=0 d=0 fin=1 recording
23:15:08 t=90s rss=67.4MB cpu=12.1% ps={'rss_mb': 67.5, 'cpu_pct': 8.6} :: 25fps p95=0.92ms q=0 d=0 fin=2 recording | 25fps p95=1.05ms q=0 d=0 fin=2 recording | 25fps p95=1.1ms q=0 d=0 fin=2 recording | 25fps p95=0.98ms q=0 d=0 fin=2 recording
23:15:38 t=120s rss=68.1MB cpu=12.5% ps={'rss_mb': 68.2, 'cpu_pct': 8.0} :: 25fps p95=0.95ms q=0 d=0 fin=3 recording | 25fps p95=1.0ms q=0 d=0 fin=3 recording | 25fps p95=1.02ms q=0 d=0 fin=3 recording | 25fps p95=0.95ms q=0 d=0 fin=3 recording
23:16:08 t=150s rss=67.8MB cpu=13.4% ps={'rss_mb': 67.9, 'cpu_pct': 9.0} :: 25fps p95=1.96ms q=0 d=0 fin=4 recording | 25fps p95=1.93ms q=0 d=0 fin=4 recording | 25fps p95=1.95ms q=0 d=0 fin=4 recording | 25fps p95=2.02ms q=0 d=0 fin=4 recording
23:16:38 t=180s rss=67.8MB cpu=13.8% ps={'rss_mb': 67.9, 'cpu_pct': 9.6} :: 25fps p95=2.9ms q=0 d=0 fin=5 recording | 25fps p95=2.0ms q=0 d=0 fin=5 recording | 25fps p95=1.72ms q=0 d=0 fin=5 recording | 25fps p95=2.2ms q=0 d=0 fin=5 recording
23:16:38 soak summary: rss 83.5 -> 66.8 (1 min) -> 67.8 MB (1.5%), cpu avg 12.7%
23:16:38   camera 0: {'fps_mean': 25, 'fps_min': 25, 'latency_p95_ms_median': 1.67, 'latency_p95_ms_max': 2.9, 'drops_end': 0, 'queue_depth_max': 0, 'finalized_start': 0, 'finalized_end': 5, 'segments_per_minute': 1.67}
23:16:38   camera 1: {'fps_mean': 25, 'fps_min': 25, 'latency_p95_ms_median': 1.69, 'latency_p95_ms_max': 2.0, 'drops_end': 0, 'queue_depth_max': 0, 'finalized_start': 0, 'finalized_end': 5, 'segments_per_minute': 1.67}
23:16:38   camera 2: {'fps_mean': 25, 'fps_min': 25, 'latency_p95_ms_median': 1.66, 'latency_p95_ms_max': 1.95, 'drops_end': 0, 'queue_depth_max': 1, 'finalized_start': 0, 'finalized_end': 5, 'segments_per_minute': 1.67}
23:16:38   camera 3: {'fps_mean': 25, 'fps_min': 25, 'latency_p95_ms_median': 1.97, 'latency_p95_ms_max': 2.27, 'drops_end': 0, 'queue_depth_max': 0, 'finalized_start': 0, 'finalized_end': 5, 'segments_per_minute': 1.67}
23:16:38 kill -9 core while recording
23:16:42 after kill -9: {'restart_to_all_online_s': 1.25, 'recovery_log': 'recovery: sessions closed 4, gaps closed 0, segments finalized 4, damaged 0, missing 0, files adopted 0, quarantined 0, purged 0, rings removed 4', 'killed_session_rings_left': 0, 'open_sessions_not_current': 0, 'recording_rows_not_current': 0}
23:17:12 console closed: {'console_exit_code': 0, 'console_run_s': 6.6, 'screenshot_bytes': 58068, 'core_still_running': True, 'cameras_finalized_after_console_exit': 4, 'all_online_recording': True}
23:17:13 disk floor: restart with FOVEA_MIN_FREE_MB=108457 (free 8457 MB)
23:17:35 disk floor: {'floor_mb': 108457, 'free_mb': 8457, 'states': [('online', 'paused_disk'), ('online', 'paused_disk'), ('online', 'paused_disk'), ('online', 'paused_disk')], 'fps': [25, 25, 25, 25], 'ring_probe': [{'frames': 51, 'fps': 25.5, 'latency_ms_p95': 7.01}, {'frames': 51, 'fps': 25.5, 'latency_ms_p95': 6.28}, {'frames': 51, 'fps': 25.5, 'latency_ms_p95': 5.83}, {'frames': 51, 'fps': 25.5, 'latency_ms_p95': 6.36}], 'segment_rows_created': 0, 'storage_floor_unreachable': True, 'storage_deleted_last_run': 0, 'disk_floor_deletions': 0, 'resume_s': 1.16, 'resumed_rows': [1, 1, 1, 1]}
23:17:38 retention: hold on the oldest segment of camera 0, simulated crash after a row commit on camera 1, restart with FOVEA_RETENTION_SECONDS=120
23:17:38 retention: {"retention_seconds": 120, "crash_left_file": true, "recovery_log": "recovery: sessions closed 0, gaps closed 0, segments finalized 0, damaged 0, missing 0, files adopted 0, quarantined 0, purged 1, rings removed 0", "crashed_file_removed": true, "crashed_row_purged": true, "deleted_last_run": 15, "deleted_mb_last_run": 23.9, "held_last_run": 1, "age_rows_deleted_in_run": 15, "files_left_for_age_deleted": 0, "finalized_older_than_cutoff": ["ba1025dc-ec62-4c1b-98ae-ecea3cd71b42"], "held_state": "finalized", "held_file_exists": true, "audit_rows_match": true, "camera0_oldest_is_held": true, "put_retention_days": 3, "put_invalid_retention_status": 400, "max_bytes_deleted": 5, "max_bytes_left_before_run": 0, "max_bytes_deleted_last_run": 5}
23:17:41 PASS
