09:06:06 worker ready: {'core_start_to_known_results_s': 15.0, 'source': 'env', 'detector': 'rf-detr-nano', 'device': 'mps', 'detector_load_ms': 10350}
09:06:06 ok    worker state ready
09:06:13 zone sampling: {'frame_size': [960, 540], 'positive_anchor_hits': 24, 'negative_anchor_hits': 0, 'seconds': 6}
09:06:13 rules created: positive 4c2ab92c rev 1, negative 490012ee
09:06:24 scenario 1: {'event_id': '3a0ed6ff-bc79-4d96-8601-7283e064cb72', 'opened_after_first_known_detection_ms': 10440, 'pending_rows_before_trigger': 1, 'dwell_at_trigger_ms': 10440, 'trigger_frame_receive_to_event_row_ms': 192, 'dwell_overshoot_ms': 440, 'condition_satisfied_to_event_row_ms': 632, 'trigger_frame_utc_to_delivery_row_utc_ms': 104, 'title': 'Person in Seated desks for 10 s', 'detail': '2 persons in the zone (tracks ff06e0.4-2, ff06e0.4-3), longest dwell 10.4 s'}
09:06:24 ok    exactly one event for the seated zone
09:06:24 ok    event opened 10440 ms after the first known detection (10-15 s)
09:06:24 ok    alert pending on console and sound: [('console', 'pending'), ('sound', 'pending')]
09:06:24 ok    console delivery confirmed
09:06:24 ok    sound delivery confirmed
09:06:24 ok    delivered alerts left the pending list (0 left)
09:06:29 scenario 4: {'revision': 2, 'events': 1, 'open_event_id': '3a0ed6ff-bc79-4d96-8601-7283e064cb72', 'condition': 'active'}
09:06:29 ok    rule revision 2 stored
09:06:29 ok    the open event kept its id across the revision
09:06:29 ok    evaluator still holds the same open event
09:06:29 ok    event acknowledged and reviewed
09:06:50 scenario 6: {'evidence_id': 'ad5bef3d-ce6c-46c4-b1fc-38bef597c5c8', 'window_ms': 20000, 'segments': 3, 'available_s_after_trigger': 26.7, 'waited_s': 21.7, 'thumbnail_bytes': 160093, 'thumbnail_jpeg': True, 'playback_segment_start_utc_ms': 1789344382448, 'playback_frames_in_3s': 76, 'holds': (3, 0)}
09:06:50 ok    trigger thumbnail is a JPEG
09:06:50 ok    playback at the trigger time delivered 76 frames in 3 s
09:06:50 ok    open-ended evidence holds on 3 segments
09:07:24 ok    no second seated event within 60 s of the trigger (1 events)
09:07:24 scenario 5: source stopped
09:08:00 scenario 5: {'old_session': '31860632-1c83-478a-bc58-f31f7f76e42b', 'new_session': '0280a052-2bd1-4645-acb4-5e636e89542c', 'generation_before': 4, 'generation_after': 5, 'cleared_note': 'observation gap', 'cleared_after_stop_ms': 15390, 'suppressed_rows': 1, 'first_suppressed_after_clear_ms': 10440, 'second_event_after_clear_ms': 20520, 'receive_gaps': 1}
09:08:00 ok    session changed and the camera generation increased
09:08:00 ok    event cleared (observation gap)
09:08:00 ok    next occupancy reported suppressed while rearm ran
09:08:00 ok    next event opened 20520 ms after the clear (rearm 20 s)
09:08:06 scenario 3: killed worker pid 7438 while the 20 s rule was pending
09:08:44 scenario 3: {'killed_pid': 7438, 'pending_before_kill_s': 5, 'restarts': 1, 'worker_ready_s_after_kill': 14.7, 'new_pid': 7771, 'unknown_rows_during_outage': 1, 'unknown_notes': ['worker_failed'], 'dwell_restart_after_kill_ms': 14708, 'events_before_resume': 0, 'event_after_resume_ms': 23400, 'rule_created_to_event_ms': 43624, 'seated_event_condition': ['active', 'active'], 'seated_events': [2, 2], 'restarted_worker_open_recordings': 0}
09:08:44 ok    unknown evaluations recorded during the worker outage
09:08:44 ok    no event opened during the outage
09:08:44 ok    supervisor restarted the worker
09:08:44 ok    dwell restarted: event 23400 ms after the resumed pending
09:08:44 ok    the restarted worker holds no recording file open (0)
09:08:44 ok    the seated event open at the kill stayed open through the outage (['active', 'active'], events [2, 2])
09:08:44 measurements: {"steady_window_s": 71.1, "steady_detect_fps": 2.01, "steady_unknown_ratio": 0.0, "run_unknown_ratio": 0.1689, "run_frames": {"frames_sent": 302, "frames_known": 251, "frames_unknown": 51, "skips": 14}, "achieved_fps_last_10s": 2, "core_turnaround_ms": {"p50": 120.2, "p95": 445.2, "samples": 200}, "core_request_ms": {"p50": 57.9, "p95": 224.4, "samples": 200}, "worker_detector_turnaround_ms": {"jobs": 75, "p50": 111, "p95": 373}, "negative_zone": {"events": 0, "camera_hours": 0.0421, "events_per_camera_hour": 0.0}, "coverage_rows": {"rows": 3, "sent": 296, "known": 244, "unknown": 51}, "second_camera": {"achieved_fps": 1.9, "frames_sent": 331, "frames_known": 280, "frames_unknown": 51, "unknown_ratio": 0.1540785498489426, "turnaround_ms": {"p50": 78.3, "p95": 442.2, "samples": 200}, "skips": 14}}
09:08:44 ok    no event on the zone nobody enters (0)
09:08:44 scenario 7: killed the core without cleanup; worker pid [7771]
09:08:46 scenario 7: {'operator_state': 'acknowledged', 'review': {'event_id': '3a0ed6ff-bc79-4d96-8601-7283e064cb72', 'id': '901739b1-d13b-4116-b3a9-9d21a742602c', 'label': 'confirmed', 'note': 'seated people', 'operator': 'verify_m3', 'utc_ms': 1789344389164}, 'deliveries': [('console', 'delivered'), ('sound', 'delivered')], 'rule_revisions': {'4c2ab92c': 2, '490012ee': 1, 'a7872180': 1}, 'open_before_restart': 2, 'cleared_on_startup': 2, 'worker_alive_after_core_kill': False, 'audit': [('event.open', 'rules'), ('event.acknowledge', 'verify_m3'), ('event.review', 'verify_m3')]}
09:08:46 ok    acknowledge and review survived the restart
09:08:46 ok    deliveries still delivered after restart
09:08:46 ok    rule revision persisted
09:08:46 ok    events left open by the killed core were cleared at startup (2 of 2)
09:08:46 ok    operator actions in the audit log
09:08:46 ok    the worker exited after the core was killed (stdin closed)
09:09:10 analytics off and on: {'analyzing_while_off': False, 'detections_status_while_off': 404, 'off_s': 8, 'transitions_after_enable': ['became_pending'], 'stale_rows_after_enable': 0}
09:09:10 ok    analytics off: camera not analysed, detections 404
09:09:10 ok    rules evaluate known frames again after analytics is re-enabled
09:09:13 clean shutdown: {'info_file': False, 'alive': False}
09:09:13 ok    a clean core shutdown stopped the worker and its info file is gone
09:09:13 PASS
