23:08:41 transcoding sample3.mp4 to sample3-540p25.mp4
23:09:04 worker ready: {'core_start_to_known_results_s': 17.1, 'source': 'env', 'detector': 'rf-detr-nano', 'device': 'mps', 'detector_load_ms': 13899}
23:09:04 ok    worker state ready
23:09:10 zone sampling: {'frame_size': [960, 540], 'positive_anchor_hits': 24, 'negative_anchor_hits': 0, 'seconds': 6}
23:09:10 rules created: positive 2fcc178c rev 1, negative 816e755a
23:09:21 scenario 1: {'event_id': '9072e84a-d24c-4695-97ac-0633c63517fd', 'opened_after_first_known_detection_ms': 10080, 'pending_rows_before_trigger': 1, 'dwell_at_trigger_ms': 10080, 'trigger_frame_receive_to_event_row_ms': 133, 'dwell_overshoot_ms': 80, 'condition_satisfied_to_event_row_ms': 213, 'trigger_frame_utc_to_delivery_row_utc_ms': 8, 'title': 'Person in Seated desks for 10 s', 'detail': '2 persons in the zone (tracks 4002e0.2-2, 4002e0.2-3), longest dwell 10.1 s'}
23:09:21 ok    exactly one event for the seated zone
23:09:21 ok    event opened 10080 ms after the first known detection (10-15 s)
23:09:21 ok    alert pending on console and sound: [('console', 'pending'), ('sound', 'pending')]
23:09:21 ok    console delivery confirmed
23:09:21 ok    sound delivery confirmed
23:09:21 ok    delivered alerts left the pending list (0 left)
23:09:26 scenario 4: {'revision': 2, 'events': 1, 'open_event_id': '9072e84a-d24c-4695-97ac-0633c63517fd', 'condition': 'active'}
23:09:26 ok    rule revision 2 stored
23:09:26 ok    the open event kept its id across the revision
23:09:26 ok    evaluator still holds the same open event
23:09:26 ok    event acknowledged and reviewed
23:09:47 scenario 6: {'evidence_id': '60d8d613-3809-466b-8da9-0c210d77e140', 'window_ms': 20000, 'segments': 3, 'available_s_after_trigger': 26.0, 'waited_s': 20.9, 'thumbnail_bytes': 160657, 'thumbnail_jpeg': True, 'playback_segment_start_utc_ms': 1789308558202, 'playback_frames_in_3s': 76, 'holds': (3, 0)}
23:09:47 ok    trigger thumbnail is a JPEG
23:09:47 ok    playback at the trigger time delivered 76 frames in 3 s
23:09:47 ok    open-ended evidence holds on 3 segments
23:10:21 ok    no second seated event within 60 s of the trigger (1 events)
23:10:21 scenario 5: source stopped
23:10:56 scenario 5: {'old_session': '20f5d859-8f04-4322-b43f-30faf3f3bc90', 'new_session': '3d1f8f43-9cec-4dce-9c49-d0b205f59bd5', 'generation_before': 4, 'generation_after': 5, 'cleared_note': 'observation gap', 'cleared_after_stop_ms': 15461, 'suppressed_rows': 1, 'first_suppressed_after_clear_ms': 10000, 'second_event_after_clear_ms': 20000, 'receive_gaps': 1}
23:10:56 ok    session changed and the camera generation increased
23:10:56 ok    event cleared (observation gap)
23:10:56 ok    next occupancy reported suppressed while rearm ran
23:10:56 ok    next event opened 20000 ms after the clear (rearm 20 s)
23:11:02 scenario 3: killed worker pid 58742 while the 20 s rule was pending
23:11:38 scenario 3: {'killed_pid': 58742, 'pending_before_kill_s': 5, 'restarts': 1, 'worker_ready_s_after_kill': 14.7, 'new_pid': 59452, 'unknown_rows_during_outage': 1, 'unknown_notes': ['worker_failed'], 'dwell_restart_after_kill_ms': 15166, 'events_before_resume': 0, 'event_after_resume_ms': 20440, 'rule_created_to_event_ms': 41117, 'seated_event_condition': ['active', 'active'], 'seated_events': [2, 2], 'restarted_worker_open_recordings': 0}
23:11:38 ok    unknown evaluations recorded during the worker outage
23:11:38 ok    no event opened during the outage
23:11:38 ok    supervisor restarted the worker
23:11:38 ok    dwell restarted: event 20440 ms after the resumed pending
23:11:38 ok    the restarted worker holds no recording file open (0)
23:11:38 ok    the seated event open at the kill stayed open through the outage (['active', 'active'], events [2, 2])
23:11:38 measurements: {"steady_window_s": 70.7, "steady_detect_fps": 1.99, "steady_unknown_ratio": 0.0, "run_unknown_ratio": 0.1865, "run_frames": {"frames_sent": 311, "frames_known": 253, "frames_unknown": 58, "skips": 0}, "achieved_fps_last_10s": 2, "core_turnaround_ms": {"p50": 111.3, "p95": 153.5, "samples": 200}, "core_request_ms": {"p50": 59.1, "p95": 80.9, "samples": 200}, "worker_detector_turnaround_ms": {"jobs": 79, "p50": 58, "p95": 76}, "negative_zone": {"events": 0, "camera_hours": 0.0411, "events_per_camera_hour": 0.0}, "coverage_rows": {"rows": 3, "sent": 310, "known": 251, "unknown": 58}, "second_camera": {"achieved_fps": 2, "frames_sent": 341, "frames_known": 284, "frames_unknown": 57, "unknown_ratio": 0.16715542521994134, "turnaround_ms": {"p50": 67.8, "p95": 93.7, "samples": 200}, "skips": 0}}
23:11:38 ok    no event on the zone nobody enters (0)
23:11:38 scenario 7: killed the core without cleanup; worker pid [59452]
23:11:39 scenario 7: {'operator_state': 'acknowledged', 'review': {'event_id': '9072e84a-d24c-4695-97ac-0633c63517fd', 'id': 'a6907ad5-7d5a-4aac-b3bb-edf695d5f5c1', 'label': 'confirmed', 'note': 'seated people', 'operator': 'verify_m3', 'utc_ms': 1789308566125}, 'deliveries': [('console', 'delivered'), ('sound', 'delivered')], 'rule_revisions': {'2fcc178c': 2, '816e755a': 1, '9aada1fb': 1}, 'open_before_restart': 2, 'cleared_on_startup': 2, 'worker_alive_after_core_kill': False, 'audit': [('event.open', 'rules'), ('event.acknowledge', 'verify_m3'), ('event.review', 'verify_m3')]}
23:11:39 ok    acknowledge and review survived the restart
23:11:39 ok    deliveries still delivered after restart
23:11:39 ok    rule revision persisted
23:11:39 ok    events left open by the killed core were cleared at startup (2 of 2)
23:11:39 ok    operator actions in the audit log
23:11:39 ok    the worker exited after the core was killed (stdin closed)
23:12:02 analytics off and on: {'analyzing_while_off': False, 'detections_status_while_off': 404, 'off_s': 8, 'transitions_after_enable': ['became_pending'], 'stale_rows_after_enable': 0}
23:12:02 ok    analytics off: camera not analysed, detections 404
23:12:02 ok    rules evaluate known frames again after analytics is re-enabled
23:12:05 clean shutdown: {'info_file': False, 'alive': False}
23:12:05 ok    a clean core shutdown stopped the worker and its info file is gone
23:12:05 PASS
